{
  "ExtraMembers": [
    "Agilent.Testables.Process.Abstractions.IProcess New()",
    "Void .ctor(System.Diagnostics.Process)"
  ],
  "MissingMembers": [
    "System.Object GetLifetimeService()",
    "System.Object InitializeLifetimeService()",
    "System.Runtime.Remoting.ObjRef CreateObjRef(System.Type)"
  ]
}
